
> build
> vite build

[36mvite v8.0.10 [32mbuilding client environment for production...[36m[39m
[plugin @laravel/vite-plugin-wayfinder] Types generated for actions, routes, form variants
[2Ktransforming...✓ 2349 modules transformed.
rendering chunks...
computing gzip size...
public/build/assets/instrument-sans-400-normal-Q_nF8v4l.woff2    6.85 kB
public/build/assets/instrument-sans-600-normal-BsaQcF38.woff2    6.94 kB
public/build/assets/instrument-sans-500-normal-CTEe1bJa.woff2    6.98 kB
public/build/assets/instrument-sans-400-normal-r32jotim.woff     8.96 kB
public/build/assets/instrument-sans-500-normal-CAxz3nsc.woff     9.06 kB
public/build/assets/instrument-sans-600-normal-DMks36a2.woff     9.10 kB
public/build/fonts-manifest.json                                11.19 kB │ gzip:  0.97 kB
public/build/assets/instrument-sans-400-normal-DRC__1Mx.woff2   16.86 kB
public/build/assets/instrument-sans-500-normal-Dk9ku72i.woff2   17.23 kB
public/build/assets/instrument-sans-600-normal-B7fBEWYG.woff2   17.40 kB
public/build/assets/instrument-sans-400-normal-D1W7dsQl.woff    21.24 kB
public/build/assets/instrument-sans-500-normal-Z6ESRlEs.woff    21.65 kB
public/build/assets/instrument-sans-600-normal-B9e8oLYv.woff    21.67 kB
public/build/manifest.json                                      33.87 kB │ gzip:  3.56 kB
public/build/assets/fonts-DkuEHybc.css                           4.76 kB │ gzip:  0.55 kB
public/build/assets/app-BGNpRiY_.css                            98.69 kB │ gzip: 15.48 kB
public/build/assets/Menu-ZQF9NTFV.js                             0.05 kB │ gzip:  0.07 kB
public/build/assets/Login-CWdNuIP5.js                            0.05 kB │ gzip:  0.07 kB
public/build/assets/minus-BV-vaOoI.js                            0.11 kB │ gzip:  0.13 kB
public/build/assets/chevron-right-IoWv8xpu.js                    0.13 kB │ gzip:  0.14 kB
public/build/assets/plus-QxSO8zGa.js                             0.15 kB │ gzip:  0.15 kB
public/build/assets/x-ML_b0aDq.js                                0.15 kB │ gzip:  0.15 kB
public/build/assets/arrow-left-BhhjbPpA.js                       0.16 kB │ gzip:  0.16 kB
public/build/assets/arrow-right-BvXwdlEa.js                      0.16 kB │ gzip:  0.16 kB
public/build/assets/clock-BH7j0uxh.js                            0.16 kB │ gzip:  0.16 kB
public/build/assets/search-DgzRqXNe.js                           0.17 kB │ gzip:  0.16 kB
public/build/assets/trending-up-ed0Plirn.js                      0.17 kB │ gzip:  0.17 kB
public/build/assets/circle-check-DbgLl6wb.js                     0.17 kB │ gzip:  0.16 kB
public/build/assets/check-check-Dt76gZBK.js                      0.17 kB │ gzip:  0.17 kB
public/build/assets/menu-C1X5DkYi.js                             0.18 kB │ gzip:  0.15 kB
public/build/assets/user-BsDVRMlT.js                             0.19 kB │ gzip:  0.18 kB
public/build/assets/circle-x-B6-ZCWUP.js                         0.20 kB │ gzip:  0.17 kB
public/build/assets/mail-CYi0qquE.js                             0.21 kB │ gzip:  0.20 kB
public/build/assets/log-out-B3aF3v5X.js                          0.23 kB │ gzip:  0.18 kB
public/build/assets/upload-BA_CMU9C.js                           0.23 kB │ gzip:  0.19 kB
public/build/assets/circle-alert-ByzPaZaX.js                     0.25 kB │ gzip:  0.18 kB
public/build/assets/calendar-D2OXxmF1.js                         0.25 kB │ gzip:  0.20 kB
public/build/assets/map-pin-Q-w3uljp.js                          0.25 kB │ gzip:  0.22 kB
public/build/assets/image-2t91Kcr_.js                            0.26 kB │ gzip:  0.22 kB
public/build/assets/house-DEK16fkq.js                            0.28 kB │ gzip:  0.21 kB
public/build/assets/shopping-cart-D3TVY8zs.js                    0.29 kB │ gzip:  0.23 kB
public/build/assets/clipboard-check-ufshD-JE.js                  0.30 kB │ gzip:  0.23 kB
public/build/assets/phone-Bttxn8PV.js                            0.32 kB │ gzip:  0.23 kB
public/build/assets/save-D7EOI9wo.js                             0.32 kB │ gzip:  0.22 kB
public/build/assets/trash-2-B6w8Uezs.js                          0.32 kB │ gzip:  0.21 kB
public/build/assets/shopping-bag-By_C4Xwm.js                     0.34 kB │ gzip:  0.24 kB
public/build/assets/utensils-crossed-DLwGKGwI.js                 0.36 kB │ gzip:  0.25 kB
public/build/assets/package-CZFpsRcC.js                          0.37 kB │ gzip:  0.25 kB
public/build/assets/truck-A8-jTMpp.js                            0.40 kB │ gzip:  0.26 kB
public/build/assets/clipboard-list-OXJfAwK2.js                   0.41 kB │ gzip:  0.26 kB
public/build/assets/calendar-days-Db8g0FFR.js                    0.49 kB │ gzip:  0.26 kB
public/build/assets/jsx-runtime-Ccn_W6Dv.js                      0.63 kB │ gzip:  0.42 kB
public/build/assets/StatusBadge-Dl80Y-9O.js                      0.67 kB │ gzip:  0.42 kB
public/build/assets/EmptyState-BUEOgs9w.js                       0.69 kB │ gzip:  0.44 kB
public/build/assets/rolldown-runtime-CpWojdLp.js                 0.69 kB │ gzip:  0.42 kB
public/build/assets/AdminLayout-D2vVomdM.js                      0.79 kB │ gzip:  0.49 kB
public/build/assets/wayfinder-UBav2FTc.js                        0.89 kB │ gzip:  0.52 kB
public/build/assets/otp-DBdCg1Ko.js                              0.93 kB │ gzip:  0.32 kB
public/build/assets/kondisiProduk-BFxH26PG.js                    1.02 kB │ gzip:  0.36 kB
public/build/assets/Pesanan-D1kNgaB6.js                          1.03 kB │ gzip:  0.52 kB
public/build/assets/Pelanggan-ByvautdL.js                        1.03 kB │ gzip:  0.52 kB
public/build/assets/Menu-xNQH4ZUJ.js                             1.34 kB │ gzip:  0.61 kB
public/build/assets/Pelanggan-D6cUGu-Q.js                        1.35 kB │ gzip:  0.62 kB
public/build/assets/routes-DFmz-z8T.js                           1.37 kB │ gzip:  0.49 kB
public/build/assets/Edit-DhzUlalW.js                             1.38 kB │ gzip:  0.82 kB
public/build/assets/PesananSourceBadge-TpJIux86.js               1.38 kB │ gzip:  0.66 kB
public/build/assets/createLucideIcon-179sP4uV.js                 1.41 kB │ gzip:  0.79 kB
public/build/assets/Create-BPhkhAGz.js                           1.49 kB │ gzip:  0.82 kB
public/build/assets/PelangganLayout-CKmAdGXa.js                  2.32 kB │ gzip:  1.17 kB
public/build/assets/PaginationControls-DOJLmpIs.js               2.49 kB │ gzip:  1.15 kB
public/build/assets/PesananCard-CmwndB48.js                      2.95 kB │ gzip:  1.44 kB
public/build/assets/Pesanan-CiXP2ntA.js                          3.42 kB │ gzip:  1.43 kB
public/build/assets/produksi-Yex6PFsK.js                         3.89 kB │ gzip:  0.82 kB
public/build/assets/OtpLogin-CZclf2m6.js                         4.21 kB │ gzip:  1.78 kB
public/build/assets/Beranda-B6iGOa40.js                          4.92 kB │ gzip:  1.85 kB
public/build/assets/Pesanan-CR3rtf2q.js                          5.26 kB │ gzip:  2.31 kB
public/build/assets/menu-DigK5FAu.js                             5.42 kB │ gzip:  1.02 kB
public/build/assets/ProduksiLayout-BnDBVfYu.js                   6.06 kB │ gzip:  2.41 kB
public/build/assets/Riwayat-Bdm8Tjzh.js                          6.27 kB │ gzip:  2.31 kB
public/build/assets/Index-BdwGis-7.js                            6.37 kB │ gzip:  2.27 kB
public/build/assets/OtpVerify-qhUVG-ar.js                        6.88 kB │ gzip:  2.99 kB
public/build/assets/react-CpbYrDkR.js                            7.53 kB │ gzip:  2.88 kB
public/build/assets/Form-DPxYLuPl.js                             7.63 kB │ gzip:  2.76 kB
public/build/assets/Login-DDOezw3e.js                            8.14 kB │ gzip:  3.05 kB
public/build/assets/user-BfRzJOWv.js                             8.20 kB │ gzip:  1.48 kB
public/build/assets/Riwayat-CpXwQblV.js                          8.31 kB │ gzip:  2.84 kB
public/build/assets/Dashboard-DlGpKNZ3.js                        8.43 kB │ gzip:  2.75 kB
public/build/assets/Beranda-BVXmBRMd.js                          9.39 kB │ gzip:  3.60 kB
public/build/assets/Index-BGua_uPj.js                            9.51 kB │ gzip:  3.27 kB
public/build/assets/Show-BA_fh9g0.js                             9.79 kB │ gzip:  3.08 kB
public/build/assets/Login-CHsTaNvD.js                           10.54 kB │ gzip:  3.67 kB
public/build/assets/Index-Bgb8q4eN.js                           10.60 kB │ gzip:  3.48 kB
public/build/assets/Checkout-Bpk-KeOA.js                        10.88 kB │ gzip:  3.80 kB
public/build/assets/UploadForm-IkyzkilX.js                      10.97 kB │ gzip:  3.70 kB
public/build/assets/Index-kGb-7r9Y.js                           11.29 kB │ gzip:  3.50 kB
public/build/assets/Index-CEbgAID3.js                           13.00 kB │ gzip:  4.34 kB
public/build/assets/PesananDetail-SOOrfF2W.js                   13.32 kB │ gzip:  4.76 kB
public/build/assets/Index-VU4P71Zb.js                           13.60 kB │ gzip:  4.59 kB
public/build/assets/Dashboard-DPWWFmp3.js                       17.22 kB │ gzip:  6.04 kB
public/build/assets/Index-DAOeIJvi.js                           17.85 kB │ gzip:  5.74 kB
public/build/assets/MenuForm-YhaeqiZP.js                        20.81 kB │ gzip:  6.91 kB
public/build/assets/Detail-JzI-iEsq.js                          21.01 kB │ gzip:  7.32 kB
public/build/assets/Index-6ka08HLy.js                           22.23 kB │ gzip:  7.11 kB
public/build/assets/Edit-B8iua0NW.js                            22.32 kB │ gzip:  6.07 kB
public/build/assets/Topbar-B25UzdQ6.js                          26.41 kB │ gzip:  6.75 kB
public/build/assets/Show-CydFst-D.js                            31.82 kB │ gzip:  9.71 kB
public/build/assets/Index-BX0SLOzH.js                           47.98 kB │ gzip: 15.94 kB
public/build/assets/Create-C7HyapRd.js                          60.66 kB │ gzip: 15.77 kB
public/build/assets/app-DOhxuZdm.js                            310.69 kB │ gzip: 97.90 kB

[33m[33m[PLUGIN_TIMINGS] Warning:[0m Your build spent significant time in plugins. Here is a breakdown:
  - @inertiajs/vite (81%)
  - vite:react-babel (13%)
  - laravel (6%)
See https://rolldown.rs/options/checks#plugintimings for more details.
[39m
[32m✓ built in 12.39s[39m
SUCCESS
