
> build
> vite build

[36mvite v8.0.10 [32mbuilding client environment for production...[36m[39m
[plugin @laravel/vite-plugin-wayfinder] Types generated for actions, routes, form variants
[2Ktransforming...✓ 2348 modules transformed.
rendering chunks...
computing gzip size...
public/build/assets/instrument-sans-400-normal-Q_nF8v4l.woff2    6.85 kB
public/build/assets/instrument-sans-600-normal-BsaQcF38.woff2    6.94 kB
public/build/assets/instrument-sans-500-normal-CTEe1bJa.woff2    6.98 kB
public/build/assets/instrument-sans-400-normal-r32jotim.woff     8.96 kB
public/build/assets/instrument-sans-500-normal-CAxz3nsc.woff     9.06 kB
public/build/assets/instrument-sans-600-normal-DMks36a2.woff     9.10 kB
public/build/fonts-manifest.json                                11.19 kB │ gzip:  0.97 kB
public/build/assets/instrument-sans-400-normal-DRC__1Mx.woff2   16.86 kB
public/build/assets/instrument-sans-500-normal-Dk9ku72i.woff2   17.23 kB
public/build/assets/instrument-sans-600-normal-B7fBEWYG.woff2   17.40 kB
public/build/assets/instrument-sans-400-normal-D1W7dsQl.woff    21.24 kB
public/build/assets/instrument-sans-500-normal-Z6ESRlEs.woff    21.65 kB
public/build/assets/instrument-sans-600-normal-B9e8oLYv.woff    21.67 kB
public/build/manifest.json                                      33.33 kB │ gzip:  3.50 kB
public/build/assets/fonts-DkuEHybc.css                           4.76 kB │ gzip:  0.55 kB
public/build/assets/app-BGNpRiY_.css                            98.69 kB │ gzip: 15.48 kB
public/build/assets/Menu-DapqVEN_.js                             0.05 kB │ gzip:  0.07 kB
public/build/assets/Login-BN8dyh7_.js                            0.05 kB │ gzip:  0.07 kB
public/build/assets/minus-BV-vaOoI.js                            0.11 kB │ gzip:  0.13 kB
public/build/assets/chevron-right-IoWv8xpu.js                    0.13 kB │ gzip:  0.14 kB
public/build/assets/plus-QxSO8zGa.js                             0.15 kB │ gzip:  0.15 kB
public/build/assets/x-ML_b0aDq.js                                0.15 kB │ gzip:  0.15 kB
public/build/assets/arrow-left-BhhjbPpA.js                       0.16 kB │ gzip:  0.16 kB
public/build/assets/arrow-right-BvXwdlEa.js                      0.16 kB │ gzip:  0.16 kB
public/build/assets/clock-BH7j0uxh.js                            0.16 kB │ gzip:  0.16 kB
public/build/assets/search-DgzRqXNe.js                           0.17 kB │ gzip:  0.16 kB
public/build/assets/trending-up-ed0Plirn.js                      0.17 kB │ gzip:  0.17 kB
public/build/assets/circle-check-DbgLl6wb.js                     0.17 kB │ gzip:  0.16 kB
public/build/assets/check-check-Dt76gZBK.js                      0.17 kB │ gzip:  0.17 kB
public/build/assets/menu-C1X5DkYi.js                             0.18 kB │ gzip:  0.15 kB
public/build/assets/user-BsDVRMlT.js                             0.19 kB │ gzip:  0.18 kB
public/build/assets/circle-x-B6-ZCWUP.js                         0.20 kB │ gzip:  0.17 kB
public/build/assets/mail-CYi0qquE.js                             0.21 kB │ gzip:  0.20 kB
public/build/assets/log-out-B3aF3v5X.js                          0.23 kB │ gzip:  0.18 kB
public/build/assets/upload-BA_CMU9C.js                           0.23 kB │ gzip:  0.19 kB
public/build/assets/circle-alert-ByzPaZaX.js                     0.25 kB │ gzip:  0.18 kB
public/build/assets/calendar-D2OXxmF1.js                         0.25 kB │ gzip:  0.20 kB
public/build/assets/map-pin-Q-w3uljp.js                          0.25 kB │ gzip:  0.22 kB
public/build/assets/image-2t91Kcr_.js                            0.26 kB │ gzip:  0.22 kB
public/build/assets/house-DEK16fkq.js                            0.28 kB │ gzip:  0.21 kB
public/build/assets/shopping-cart-D3TVY8zs.js                    0.29 kB │ gzip:  0.23 kB
public/build/assets/clipboard-check-ufshD-JE.js                  0.30 kB │ gzip:  0.23 kB
public/build/assets/phone-Bttxn8PV.js                            0.32 kB │ gzip:  0.23 kB
public/build/assets/save-D7EOI9wo.js                             0.32 kB │ gzip:  0.22 kB
public/build/assets/trash-2-B6w8Uezs.js                          0.32 kB │ gzip:  0.21 kB
public/build/assets/shopping-bag-By_C4Xwm.js                     0.34 kB │ gzip:  0.24 kB
public/build/assets/utensils-crossed-DLwGKGwI.js                 0.36 kB │ gzip:  0.25 kB
public/build/assets/package-CZFpsRcC.js                          0.37 kB │ gzip:  0.25 kB
public/build/assets/truck-A8-jTMpp.js                            0.40 kB │ gzip:  0.26 kB
public/build/assets/clipboard-list-OXJfAwK2.js                   0.41 kB │ gzip:  0.26 kB
public/build/assets/calendar-days-Db8g0FFR.js                    0.49 kB │ gzip:  0.26 kB
public/build/assets/jsx-runtime-Ccn_W6Dv.js                      0.63 kB │ gzip:  0.42 kB
public/build/assets/StatusBadge-CC3TiSBN.js                      0.67 kB │ gzip:  0.42 kB
public/build/assets/EmptyState-Dp0mMz01.js                       0.69 kB │ gzip:  0.44 kB
public/build/assets/rolldown-runtime-CpWojdLp.js                 0.69 kB │ gzip:  0.42 kB
public/build/assets/AdminLayout-DpaRwNP-.js                      0.79 kB │ gzip:  0.49 kB
public/build/assets/wayfinder-UBav2FTc.js                        0.89 kB │ gzip:  0.52 kB
public/build/assets/kondisiProduk-BFxH26PG.js                    1.02 kB │ gzip:  0.36 kB
public/build/assets/Pesanan-uD74zHNO.js                          1.03 kB │ gzip:  0.53 kB
public/build/assets/Pelanggan-BMqWKa-S.js                        1.03 kB │ gzip:  0.52 kB
public/build/assets/Menu-CmaaBw34.js                             1.34 kB │ gzip:  0.61 kB
public/build/assets/Pelanggan-Byvzqa0p.js                        1.35 kB │ gzip:  0.61 kB
public/build/assets/routes-DFmz-z8T.js                           1.37 kB │ gzip:  0.49 kB
public/build/assets/Edit-DGaSjm0k.js                             1.38 kB │ gzip:  0.82 kB
public/build/assets/PesananSourceBadge-TpJIux86.js               1.38 kB │ gzip:  0.66 kB
public/build/assets/createLucideIcon-179sP4uV.js                 1.41 kB │ gzip:  0.79 kB
public/build/assets/Create-DsZcy6IR.js                           1.49 kB │ gzip:  0.82 kB
public/build/assets/PaginationControls-DOJLmpIs.js               2.49 kB │ gzip:  1.15 kB
public/build/assets/PesananCard-Bj4m4zh_.js                      2.95 kB │ gzip:  1.44 kB
public/build/assets/Pesanan-HPwhGGXp.js                          3.42 kB │ gzip:  1.43 kB
public/build/assets/produksi-Yex6PFsK.js                         3.89 kB │ gzip:  0.82 kB
public/build/assets/OtpLogin-BNdogX8N.js                         4.18 kB │ gzip:  1.77 kB
public/build/assets/Beranda-CXzrae5k.js                          4.92 kB │ gzip:  1.85 kB
public/build/assets/Pesanan-D5AUxOI1.js                          5.26 kB │ gzip:  2.31 kB
public/build/assets/menu-DigK5FAu.js                             5.42 kB │ gzip:  1.02 kB
public/build/assets/ProduksiLayout-BGv8xvAd.js                   6.06 kB │ gzip:  2.41 kB
public/build/assets/Riwayat-DgiKDg7x.js                          6.27 kB │ gzip:  2.30 kB
public/build/assets/Index-D_b8kJpl.js                            6.33 kB │ gzip:  2.25 kB
public/build/assets/OtpVerify-tvzIuwZ4.js                        6.82 kB │ gzip:  2.96 kB
public/build/assets/react-CpbYrDkR.js                            7.53 kB │ gzip:  2.88 kB
public/build/assets/Form-DZI9Z7O-.js                             7.62 kB │ gzip:  2.76 kB
public/build/assets/Login-D_KSGjuQ.js                            8.14 kB │ gzip:  3.05 kB
public/build/assets/Riwayat-CjJ4Sog1.js                          8.31 kB │ gzip:  2.84 kB
public/build/assets/Dashboard-BPo0ymIi.js                        8.43 kB │ gzip:  2.75 kB
public/build/assets/Beranda-D5lPlsbk.js                          9.39 kB │ gzip:  3.60 kB
public/build/assets/Index-DoWDDizE.js                            9.51 kB │ gzip:  3.28 kB
public/build/assets/Show-Dwxi3uNs.js                             9.79 kB │ gzip:  3.08 kB
public/build/assets/PelangganLayout-B92BrxGP.js                 10.38 kB │ gzip:  2.53 kB
public/build/assets/Login-BdQwJ9sf.js                           10.54 kB │ gzip:  3.67 kB
public/build/assets/Index-DOT93HvD.js                           10.60 kB │ gzip:  3.48 kB
public/build/assets/Checkout-DoAKXXv_.js                        10.85 kB │ gzip:  3.79 kB
public/build/assets/UploadForm-DGfZOLaE.js                      10.97 kB │ gzip:  3.70 kB
public/build/assets/Index-J9LHplOg.js                           11.26 kB │ gzip:  3.49 kB
public/build/assets/Index-M43VYDQB.js                           12.97 kB │ gzip:  4.32 kB
public/build/assets/PesananDetail-DH0bi1tW.js                   13.32 kB │ gzip:  4.76 kB
public/build/assets/Index-G0wBU658.js                           13.60 kB │ gzip:  4.59 kB
public/build/assets/Dashboard-BEB_xBnP.js                       17.22 kB │ gzip:  6.04 kB
public/build/assets/Index-GCmFiDuA.js                           17.81 kB │ gzip:  5.72 kB
public/build/assets/MenuForm-YhaeqiZP.js                        20.81 kB │ gzip:  6.91 kB
public/build/assets/Detail-DjIgcUrM.js                          20.97 kB │ gzip:  7.31 kB
public/build/assets/Index-9u2s7--c.js                           22.23 kB │ gzip:  7.11 kB
public/build/assets/Edit-BmSBdhR_.js                            22.32 kB │ gzip:  6.07 kB
public/build/assets/Topbar-C32SRDai.js                          26.41 kB │ gzip:  6.75 kB
public/build/assets/Show-DE2zSyxV.js                            31.82 kB │ gzip:  9.71 kB
public/build/assets/Index-DY2zOcFy.js                           47.94 kB │ gzip: 15.93 kB
public/build/assets/Create-CGvDnJXJ.js                          60.66 kB │ gzip: 15.77 kB
public/build/assets/app-js1E68iC.js                            310.59 kB │ gzip: 97.87 kB

[33m[33m[PLUGIN_TIMINGS] Warning:[0m Your build spent significant time in plugins. Here is a breakdown:
  - @inertiajs/vite (82%)
  - vite:react-babel (9%)
  - laravel (8%)
See https://rolldown.rs/options/checks#plugintimings for more details.
[39m
[32m✓ built in 10.75s[39m
SUCCESS
